[0m[1mbun test [0m[2mv1.2.16 (631e6748)[0m
